// Jest Snapshot v1, https://goo.gl/fbAQLP

exports[`Render Navigation component 1`] = `
<section
  id="Navigation"
>
  <Connect(HomeButton) />
  <DesktopNavigation
    links={
      Array [
        Object {
          "href": "/",
          "internal": true,
          "text": "Home",
        },
        Object {
          "href": "/watch",
          "internal": true,
          "text": "Watch",
        },
      ]
    }
  />
  <Connect(MobileNavigation)
    links={
      Array [
        Object {
          "href": "/",
          "internal": true,
          "text": "Home",
        },
        Object {
          "href": "/watch",
          "internal": true,
          "text": "Watch",
        },
      ]
    }
  />
</section>
`;
